Release 14.7 - xst P.20131013 (nt64)
Copyright (c) 1995-2013 Xilinx, Inc.  All rights reserved.
--> Parameter TMPDIR set to xst/projnav.tmp


Total REAL time to Xst completion: 0.00 secs
Total CPU time to Xst completion: 0.24 secs
 
--> Parameter xsthdpdir set to xst


Total REAL time to Xst completion: 0.00 secs
Total CPU time to Xst completion: 0.24 secs
 
--> Reading design: HealthcareSystemFirstPhase.prj

TABLE OF CONTENTS
  1) Synthesis Options Summary
  2) HDL Compilation
  3) Design Hierarchy Analysis
  4) HDL Analysis
  5) HDL Synthesis
     5.1) HDL Synthesis Report
  6) Advanced HDL Synthesis
     6.1) Advanced HDL Synthesis Report
  7) Low Level Synthesis
  8) Partition Report
  9) Final Report
	9.1) Device utilization summary
	9.2) Partition Resource Summary
	9.3) TIMING REPORT


=========================================================================
*                      Synthesis Options Summary                        *
=========================================================================
---- Source Parameters
Input File Name                    : "HealthcareSystemFirstPhase.prj"
Input Format                       : mixed
Ignore Synthesis Constraint File   : NO

---- Target Parameters
Output File Name                   : "HealthcareSystemFirstPhase"
Output Format                      : NGC
Target Device                      : xc3s400-5-pq208

---- Source Options
Top Module Name                    : HealthcareSystemFirstPhase
Automatic FSM Extraction           : YES
FSM Encoding Algorithm             : Auto
Safe Implementation                : No
FSM Style                          : LUT
RAM Extraction                     : Yes
RAM Style                          : Auto
ROM Extraction                     : Yes
Mux Style                          : Auto
Decoder Extraction                 : YES
Priority Encoder Extraction        : Yes
Shift Register Extraction          : YES
Logical Shifter Extraction         : YES
XOR Collapsing                     : YES
ROM Style                          : Auto
Mux Extraction                     : Yes
Resource Sharing                   : YES
Asynchronous To Synchronous        : NO
Multiplier Style                   : Auto
Automatic Register Balancing       : No

---- Target Options
Add IO Buffers                     : YES
Global Maximum Fanout              : 100000
Add Generic Clock Buffer(BUFG)     : 8
Register Duplication               : YES
Slice Packing                      : YES
Optimize Instantiated Primitives   : NO
Use Clock Enable                   : Yes
Use Synchronous Set                : Yes
Use Synchronous Reset              : Yes
Pack IO Registers into IOBs        : Auto
Equivalent register Removal        : YES

---- General Options
Optimization Goal                  : Speed
Optimization Effort                : 1
Keep Hierarchy                     : No
Netlist Hierarchy                  : As_Optimized
RTL Output                         : Yes
Global Optimization                : AllClockNets
Read Cores                         : YES
Write Timing Constraints           : NO
Cross Clock Analysis               : NO
Hierarchy Separator                : /
Bus Delimiter                      : <>
Case Specifier                     : Maintain
Slice Utilization Ratio            : 100
BRAM Utilization Ratio             : 100
Verilog 2001                       : YES
Auto BRAM Packing                  : NO
Slice Utilization Ratio Delta      : 5

=========================================================================


=========================================================================
*                          HDL Compilation                              *
=========================================================================
Compiling verilog file "../src/rtl/modules/oneBitFullAdder.v" in library work
Compiling verilog file "../src/rtl/modules/FourBitAdder.v" in library work
Module <oneBitFullAdder> compiled
Compiling verilog file "../src/rtl/modules/FourBitMultiplier.v" in library work
Module <FourBitAdder> compiled
Compiling verilog file "../src/rtl/modules/EightBitAdder.v" in library work
Module <FourBitMultiplier> compiled
Compiling verilog file "../src/rtl/modules/comparator3bit.v" in library work
Module <EightBitAdder> compiled
Compiling verilog file "../src/rtl/modules/TemperatureCalculator.v" in library work
Module <comparator3bit> compiled
Compiling verilog file "../src/rtl/modules/TemperatureAnalyzer.v" in library work
Module <TemperatureCalculator> compiled
Compiling verilog file "../src/rtl/modules/PressureAnalyzer.v" in library work
Module <TemperatureAnalyzer> compiled
Compiling verilog file "../src/rtl/modules/ParityErrorChecker.v" in library work
Module <PressureAnalyzer> compiled
Compiling verilog file "../src/rtl/modules/Comparator8Bit.v" in library work
Module <ParityErrorChecker> compiled
Compiling verilog file "../src/rtl/modules/BloodTypeClassification.v" in library work
Module <Comparator8Bit> compiled
Compiling verilog file "../src/rtl/modules/BloodPHAnalyzer.v" in library work
Module <BloodTypeClassification> compiled
Compiling verilog file "../src/rtl/modules/TemperatureAbnormalityDetector.v" in library work
Module <BloodPHAnalyzer> compiled
Compiling verilog file "../src/rtl/modules/PressureAbnormalityDetector.v" in library work
Module <TemperatureAbnormalityDetector> compiled
Compiling verilog file "../src/rtl/modules/FallingDetector.v" in library work
Module <PressureAbnormalityDetector> compiled
Compiling verilog file "../src/rtl/modules/BloodAbnormalityDetector.v" in library work
Module <FallingDetector> compiled
Compiling verilog file "../src/rtl/modules/HealthcareSystemFirstPhase.v" in library work
Module <BloodAbnormalityDetector> compiled
Module <HealthcareSystemFirstPhase> compiled
No errors in compilation
Analysis of file <"HealthcareSystemFirstPhase.prj"> succeeded.
 

=========================================================================
*                     Design Hierarchy Analysis                         *
=========================================================================
Analyzing hierarchy for module <HealthcareSystemFirstPhase> in library <work>.

Analyzing hierarchy for module <PressureAbnormalityDetector> in library <work>.

Analyzing hierarchy for module <BloodAbnormalityDetector> in library <work>.

Analyzing hierarchy for module <FallingDetector> in library <work>.

Analyzing hierarchy for module <TemperatureAbnormalityDetector> in library <work>.

Analyzing hierarchy for module <ParityErrorChecker> in library <work>.

Analyzing hierarchy for module <PressureAnalyzer> in library <work>.

Analyzing hierarchy for module <BloodPHAnalyzer> in library <work>.

Analyzing hierarchy for module <BloodTypeClassification> in library <work>.

Analyzing hierarchy for module <Comparator8Bit> in library <work>.

Analyzing hierarchy for module <TemperatureCalculator> in library <work>.

Analyzing hierarchy for module <comparator3bit> in library <work>.

Analyzing hierarchy for module <FourBitMultiplier> in library <work>.

Analyzing hierarchy for module <EightBitAdder> in library <work>.

Analyzing hierarchy for module <FourBitAdder> in library <work>.

Analyzing hierarchy for module <oneBitFullAdder> in library <work>.


=========================================================================
*                            HDL Analysis                               *
=========================================================================
Analyzing top module <HealthcareSystemFirstPhase>.
Module <HealthcareSystemFirstPhase> is correct for synthesis.
 
Analyzing module <PressureAbnormalityDetector> in library <work>.
Module <PressureAbnormalityDetector> is correct for synthesis.
 
Analyzing module <ParityErrorChecker> in library <work>.
Module <ParityErrorChecker> is correct for synthesis.
 
Analyzing module <PressureAnalyzer> in library <work>.
Module <PressureAnalyzer> is correct for synthesis.
 
Analyzing module <BloodAbnormalityDetector> in library <work>.
Module <BloodAbnormalityDetector> is correct for synthesis.
 
Analyzing module <BloodPHAnalyzer> in library <work>.
Module <BloodPHAnalyzer> is correct for synthesis.
 
Analyzing module <BloodTypeClassification> in library <work>.
Module <BloodTypeClassification> is correct for synthesis.
 
Analyzing module <FallingDetector> in library <work>.
Module <FallingDetector> is correct for synthesis.
 
Analyzing module <Comparator8Bit> in library <work>.
Module <Comparator8Bit> is correct for synthesis.
 
Analyzing module <comparator3bit> in library <work>.
Module <comparator3bit> is correct for synthesis.
 
Analyzing module <TemperatureAbnormalityDetector> in library <work>.
WARNING:Xst:2211 - "../src/rtl/modules/TemperatureAnalyzer.v" line 39: Instantiating black box module <TemperatureAnalyzer>.
Module <TemperatureAbnormalityDetector> is correct for synthesis.
 
Analyzing module <TemperatureCalculator> in library <work>.
Module <TemperatureCalculator> is correct for synthesis.
 
Analyzing module <FourBitMultiplier> in library <work>.
Module <FourBitMultiplier> is correct for synthesis.
 
Analyzing module <FourBitAdder> in library <work>.
Module <FourBitAdder> is correct for synthesis.
 
Analyzing module <oneBitFullAdder> in library <work>.
Module <oneBitFullAdder> is correct for synthesis.
 
Analyzing module <EightBitAdder> in library <work>.
Module <EightBitAdder> is correct for synthesis.
 

=========================================================================
*                           HDL Synthesis                               *
=========================================================================

Performing bidirectional port resolution...

Synthesizing Unit <ParityErrorChecker>.
    Related source file is "../src/rtl/modules/ParityErrorChecker.v".
    Found 1-bit xor6 for signal <error>.
    Summary:
	inferred   1 Xor(s).
Unit <ParityErrorChecker> synthesized.


Synthesizing Unit <PressureAnalyzer>.
    Related source file is "../src/rtl/modules/PressureAnalyzer.v".
WARNING:Xst:1780 - Signal <w4> is never used or assigned. This unconnected signal will be trimmed during the optimization process.
WARNING:Xst:1780 - Signal <fnot> is never used or assigned. This unconnected signal will be trimmed during the optimization process.
WARNING:Xst:1780 - Signal <enot> is never used or assigned. This unconnected signal will be trimmed during the optimization process.
WARNING:Xst:1780 - Signal <dnot> is never used or assigned. This unconnected signal will be trimmed during the optimization process.
Unit <PressureAnalyzer> synthesized.


Synthesizing Unit <BloodPHAnalyzer>.
    Related source file is "../src/rtl/modules/BloodPHAnalyzer.v".
Unit <BloodPHAnalyzer> synthesized.


Synthesizing Unit <BloodTypeClassification>.
    Related source file is "../src/rtl/modules/BloodTypeClassification.v".
WARNING:Xst:1780 - Signal <bloodClassVar> is never used or assigned. This unconnected signal will be trimmed during the optimization process.
Unit <BloodTypeClassification> synthesized.


Synthesizing Unit <comparator3bit>.
    Related source file is "../src/rtl/modules/comparator3bit.v".
    Found 1-bit xor2 for signal <w0$xor0000>.
    Found 1-bit xor2 for signal <w1$xor0000>.
    Found 1-bit xor2 for signal <w2$xor0000>.
Unit <comparator3bit> synthesized.


Synthesizing Unit <oneBitFullAdder>.
    Related source file is "../src/rtl/modules/oneBitFullAdder.v".
WARNING:Xst:1780 - Signal <Bnot> is never used or assigned. This unconnected signal will be trimmed during the optimization process.
    Found 1-bit xor3 for signal <Sum>.
    Summary:
	inferred   1 Xor(s).
Unit <oneBitFullAdder> synthesized.


Synthesizing Unit <PressureAbnormalityDetector>.
    Related source file is "../src/rtl/modules/PressureAbnormalityDetector.v".
Unit <PressureAbnormalityDetector> synthesized.


Synthesizing Unit <BloodAbnormalityDetector>.
    Related source file is "../src/rtl/modules/BloodAbnormalityDetector.v".
Unit <BloodAbnormalityDetector> synthesized.


Synthesizing Unit <Comparator8Bit>.
    Related source file is "../src/rtl/modules/Comparator8Bit.v".
WARNING:Xst:646 - Signal <lt2> is assigned but never used. This unconnected signal will be trimmed during the optimization process.
WARNING:Xst:646 - Signal <lt1> is assigned but never used. This unconnected signal will be trimmed during the optimization process.
WARNING:Xst:646 - Signal <lt0> is assigned but never used. This unconnected signal will be trimmed during the optimization process.
Unit <Comparator8Bit> synthesized.


Synthesizing Unit <EightBitAdder>.
    Related source file is "../src/rtl/modules/EightBitAdder.v".
WARNING:Xst:646 - Signal <carry<7>> is assigned but never used. This unconnected signal will be trimmed during the optimization process.
Unit <EightBitAdder> synthesized.


Synthesizing Unit <FourBitAdder>.
    Related source file is "../src/rtl/modules/FourBitAdder.v".
Unit <FourBitAdder> synthesized.


Synthesizing Unit <FallingDetector>.
    Related source file is "../src/rtl/modules/FallingDetector.v".
Unit <FallingDetector> synthesized.


Synthesizing Unit <FourBitMultiplier>.
    Related source file is "../src/rtl/modules/FourBitMultiplier.v".
Unit <FourBitMultiplier> synthesized.


Synthesizing Unit <TemperatureCalculator>.
    Related source file is "../src/rtl/modules/TemperatureCalculator.v".
WARNING:Xst:646 - Signal <multiplier<2:0>> is assigned but never used. This unconnected signal will be trimmed during the optimization process.
Unit <TemperatureCalculator> synthesized.


Synthesizing Unit <TemperatureAbnormalityDetector>.
    Related source file is "../src/rtl/modules/TemperatureAbnormalityDetector.v".
Unit <TemperatureAbnormalityDetector> synthesized.


Synthesizing Unit <HealthcareSystemFirstPhase>.
    Related source file is "../src/rtl/modules/HealthcareSystemFirstPhase.v".
Unit <HealthcareSystemFirstPhase> synthesized.


=========================================================================
HDL Synthesis Report

Macro Statistics
# Xors                                                 : 30
 1-bit xor2                                            : 9
 1-bit xor3                                            : 20
 1-bit xor6                                            : 1

=========================================================================

=========================================================================
*                       Advanced HDL Synthesis                          *
=========================================================================


=========================================================================
Advanced HDL Synthesis Report

Macro Statistics
# Xors                                                 : 30
 1-bit xor2                                            : 9
 1-bit xor3                                            : 20
 1-bit xor6                                            : 1

=========================================================================

=========================================================================
*                         Low Level Synthesis                           *
=========================================================================

Optimizing unit <HealthcareSystemFirstPhase> ...

Optimizing unit <EightBitAdder> ...

Optimizing unit <FourBitMultiplier> ...

Mapping all equations...
WARNING:Xst:2036 - Inserting OBUF on port <temperatureAbnormality> driven by black box <TemperatureAnalyzer>. Possible simulation mismatch.
Building and optimizing final netlist ...
Found area constraint ratio of 100 (+ 5) on block HealthcareSystemFirstPhase, actual ratio is 1.

Final Macro Processing ...

=========================================================================
Final Register Report

Found no macro
=========================================================================

=========================================================================
*                           Partition Report                            *
=========================================================================

Partition Implementation Status
-------------------------------

  No Partitions were found in this design.

-------------------------------

=========================================================================
*                            Final Report                               *
=========================================================================
Final Results
RTL Top Level Output File Name     : HealthcareSystemFirstPhase.ngr
Top Level Output File Name         : HealthcareSystemFirstPhase
Output Format                      : NGC
Optimization Goal                  : Speed
Keep Hierarchy                     : No

Design Statistics
# IOs                              : 49

Cell Usage :
# BELS                             : 57
#      LUT2                        : 8
#      LUT3                        : 13
#      LUT4                        : 33
#      MUXF5                       : 3
# IO Buffers                       : 49
#      IBUF                        : 45
#      OBUF                        : 4
# Others                           : 1
#      TemperatureAnalyzer         : 1
=========================================================================

Device utilization summary:
---------------------------

Selected Device : 3s400pq208-5 

 Number of Slices:                       30  out of   3584     0%  
 Number of 4 input LUTs:                 54  out of   7168     0%  
 Number of IOs:                          49
 Number of bonded IOBs:                  49  out of    141    34%  

---------------------------
Partition Resource Summary:
---------------------------

  No Partitions were found in this design.

---------------------------


=========================================================================
TIMING REPORT

NOTE: THESE TIMING NUMBERS ARE ONLY A SYNTHESIS ESTIMATE.
      FOR ACCURATE TIMING INFORMATION PLEASE REFER TO THE TRACE REPORT
      GENERATED AFTER PLACE-and-ROUTE.

Clock Information:
------------------
No clock signals found in this design

Asynchronous Control Signals Information:
----------------------------------------
No asynchronous control signals found in this design

Timing Summary:
---------------
Speed Grade: -5

   Minimum period: No path found
   Minimum input arrival time before clock: No path found
   Maximum output required time after clock: No path found
   Maximum combinational path delay: 15.667ns

Timing Detail:
--------------
All values displayed in nanoseconds (ns)

=========================================================================
Timing constraint: Default path analysis
  Total number of paths / destination ports: 3030 / 12
-------------------------------------------------------------------------
Delay:               15.667ns (Levels of Logic = 12)
  Source:            tempSensorValue<1> (PAD)
  Destination:       TemperatureAbnormalityDetectorUnit/TemperatureAnalyzerUnit:temperature<6> (PAD)

  Data Path: tempSensorValue<1> to TemperatureAbnormalityDetectorUnit/TemperatureAnalyzerUnit:temperature<6>
                                Gate     Net
    Cell:in->out      fanout   Delay   Delay  Logical Name (Net Name)
    ----------------------------------------  ------------
     IBUF:I->O             7   0.715   1.201  tempSensorValue_1_IBUF (tempSensorValue_1_IBUF)
     LUT3:I0->O            1   0.479   0.000  TemperatureAbnormalityDetectorUnit/TemperatureCalculatorUnit/g0/g16/g1/carry11 (TemperatureAbnormalityDetectorUnit/TemperatureCalculatorUnit/g0/g16/g1/carry1)
     MUXF5:I1->O           3   0.314   1.066  TemperatureAbnormalityDetectorUnit/TemperatureCalculatorUnit/g0/g16/g1/carry1_f5 (TemperatureAbnormalityDetectorUnit/TemperatureCalculatorUnit/g0/g16/carry<1>)
     LUT4:I0->O            3   0.479   0.794  TemperatureAbnormalityDetectorUnit/TemperatureCalculatorUnit/g0/g16/g2/Mxor_Sum_xo<0>1 (TemperatureAbnormalityDetectorUnit/TemperatureCalculatorUnit/g0/sum1<2>)
     LUT4:I3->O            2   0.479   1.040  TemperatureAbnormalityDetectorUnit/TemperatureCalculatorUnit/g0/g17/g1/carry1 (TemperatureAbnormalityDetectorUnit/TemperatureCalculatorUnit/g0/g17/carry<1>)
     LUT4:I0->O            2   0.479   1.040  TemperatureAbnormalityDetectorUnit/TemperatureCalculatorUnit/g0/g17/g2/carry1 (TemperatureAbnormalityDetectorUnit/TemperatureCalculatorUnit/g0/g17/carry<2>)
     LUT4:I0->O            2   0.479   1.040  TemperatureAbnormalityDetectorUnit/TemperatureCalculatorUnit/g0/g17/g3/Mxor_Sum_xo<0>1 (TemperatureAbnormalityDetectorUnit/TemperatureCalculatorUnit/g0/sum2<3>)
     LUT4:I0->O            2   0.479   1.040  TemperatureAbnormalityDetectorUnit/TemperatureCalculatorUnit/g0/g18/g2/Mxor_Sum_xo<0>1 (TemperatureAbnormalityDetectorUnit/TemperatureCalculatorUnit/multiplier<5>)
     LUT3:I0->O            2   0.479   0.915  TemperatureAbnormalityDetectorUnit/TemperatureCalculatorUnit/g1/g2/carry1 (TemperatureAbnormalityDetectorUnit/TemperatureCalculatorUnit/g1/carry<2>)
     LUT3:I1->O            3   0.479   0.794  TemperatureAbnormalityDetectorUnit/TemperatureCalculatorUnit/g1/g3/carry1 (TemperatureAbnormalityDetectorUnit/TemperatureCalculatorUnit/g1/carry<3>)
     LUT4:I3->O            2   0.479   0.915  TemperatureAbnormalityDetectorUnit/TemperatureCalculatorUnit/g1/g5/w41 (TemperatureAbnormalityDetectorUnit/TemperatureCalculatorUnit/g1/carry<5>)
     LUT2:I1->O            0   0.479   0.000  TemperatureAbnormalityDetectorUnit/TemperatureCalculatorUnit/g1/g6/Mxor_Sum_xo<0>1 (TemperatureAbnormalityDetectorUnit/temperature<6>)
    TemperatureAnalyzer:temperature<6>        0.000          TemperatureAbnormalityDetectorUnit/TemperatureAnalyzerUnit
    ----------------------------------------
    Total                     15.667ns (5.819ns logic, 9.848ns route)
                                       (37.1% logic, 62.9% route)

=========================================================================


Total REAL time to Xst completion: 6.00 secs
Total CPU time to Xst completion: 6.06 secs
 
--> 

Total memory usage is 4521780 kilobytes

Number of errors   :    0 (   0 filtered)
Number of warnings :   19 (   0 filtered)
Number of infos    :    0 (   0 filtered)

